
  EPA STORM WATER MANAGEMENT MODEL - VERSION 5.2 (Build 5.2.4)
  --------------------------------------------------------------

  ****************
  Analysis Options
  ****************
  Flow Units ............... CMS
  Process Models:
    Rainfall/Runoff ........ YES
    RDII ................... NO
    Snowmelt ............... NO
    Groundwater ............ NO
    Flow Routing ........... YES
    Ponding Allowed ........ NO
    Water Quality .......... NO
  Infiltration Method ...... CURVE_NUMBER
  Flow Routing Method ...... DYNWAVE
  Starting Date ............ 01/01/2025 00:00:00
  Ending Date .............. 01/01/2025 12:00:00
  Antecedent Dry Days ...... 5.0
  Report Time Step ......... 00:05:00
  Wet Time Step ............ 00:01:00
  Dry Time Step ............ 01:00:00
  Routing Time Step ........ 30.00 sec


  *************************
  Flow Routing Continuity        Volume        Volume
                                 hectare-m     10^6 ltr
  *************************      ---------     ---------
  Dry Weather Inflow .......     0.000         0.000
  Wet Weather Inflow .......     8.412        84.120
  Groundwater Inflow .......     0.000         0.000
  RDII Inflow ..............     0.000         0.000
  External Inflow ..........     0.000         0.000
  External Outflow .........     7.961        79.610
  Flooding Loss ............     0.402         4.020
  Evaporation Loss .........     0.000         0.000
  Exfiltration Loss ........     0.000         0.000
  Initial Stored Volume ....     0.000         0.000
  Final Stored Volume ......     0.048         0.480
  Continuity Error (%) .....    -0.108


  *******************
  Node Depth Summary
  *******************

  ---------------------------------------------------------------------------------
                                 Average     Maximum     Maximum    Time of Max
                                  Depth       Depth        HGL       Occurrence
  Node                 Type      Meters      Meters      Meters     days hr:min
  ---------------------------------------------------------------------------------
  N-0421               JUNCTION    0.18        0.41       12.41      0  03:25
  N-0422               JUNCTION    0.24        0.68       11.88      0  03:30
  N-0508               JUNCTION    0.51        1.22       10.72      0  03:45
  N-0612               JUNCTION    0.44        0.98        9.98      0  03:40
  N-0617               JUNCTION    0.08        0.18        9.18      0  03:10
  N-0721               JUNCTION    0.36        0.84        8.84      0  03:55
  N-0822               JUNCTION    0.71        1.74        7.74      0  04:05
  N-0901               JUNCTION    0.03        0.09        7.09      0  02:55
  N-0908               JUNCTION    0.21        0.49        6.49      0  03:35
  N-0911               JUNCTION    0.92        2.28        5.28      0  04:10
  N-1004               JUNCTION    0.13        0.31        4.31      0  03:20
  N-1110               JUNCTION    0.16        0.37        3.37      0  03:15


  *********************
  Node Flooding Summary
  *********************

  Flooding refers to all water that overflows a node, whether it ponds or not.
  ---------------------------------------------------------------------------------
                            Maximum  Time of Max     Total       Maximum
                       Hrs   Rate     Occurrence    Flood Vol   Ponded Depth
  Node                Flooded  CMS    days hr:min   10^6 ltr      Meters
  ---------------------------------------------------------------------------------
  N-0508               0.75   0.412      0  03:45       0.62        1.22
  N-0822               1.40   0.881      0  04:05       1.84        1.74
  N-0911               2.05   1.214      0  04:10       3.12        2.28


  ***********************
  Link Flow Summary
  ***********************

  ---------------------------------------------------------------------------------
                                Maximum  Time of Max   Maximum    Max/   Max/
                                |Flow|   Occurrence   |Veloc|    Full   Full
  Link                 Type       CMS    days hr:min    m/sec     Flow   Depth
  ---------------------------------------------------------------------------------
  C-0421               CONDUIT    0.245    0  03:25     1.62      0.71    0.82
  C-0508               CONDUIT    0.612    0  03:45     2.14      0.98    1.00
  C-0911               CONDUIT    1.488    0  04:10     2.91      1.00    1.00


  ***************************
  Subcatchment Runoff Summary
  ***************************

  ---------------------------------------------------------------------------------
            Total    Total    Total    Total    Imperv   Perv     Total    Total    Peak    Runoff
            Precip   Runon    Evap     Infil    Runoff   Runoff   Runoff   Runoff   Runoff   Coeff
  Subcat       mm       mm       mm       mm       mm       mm       mm      10^6 L    CMS
  ---------------------------------------------------------------------------------
  S-01        45.20    0.00    0.00   12.40    28.90    3.90    32.80     1.640   0.182   0.726
  S-02        45.20    0.00    0.00   18.10    24.20    2.90    27.10     1.355   0.151   0.600


  Analysis begun on:  Sun May 31 09:14:22 2026
  Analysis ended on:  Sun May 31 09:14:24 2026
  Total elapsed time: < 1 sec
